{
    "cert": {
        "file": "META-INF/CERT.RSA",
        "md5": "860e19fa47d37d9510f1245c511a8578",
        "sha1": "59a04084c0d5ef23fd05f0f429dab6267ccb3d0b",
        "sha256": "0efa622919417adfa6eb77770fd33d3bcd93265ac7343695e246dab1a7b6bfee",
        "sha512": "2a5befcc0bcb14e44d7b7cb4322a76933ad3e90e5e1ffbb87ba31ee7cc0172725dcc98e9d414fb3a207bc107b2a7ca7563b5f954cac6bd41d77e4726c70a95a3",
        "size": 906
    },
    "dex": [
        {
            "file": "classes.dex",
            "md5": "7bc52ece5249ccd2d72c4360f9be2ca5",
            "sha1": "89476799bf92798047ca026c922a5bc33983b008",
            "sha256": "3f543c68c4c059548cec619a68f329010d797e5e4c00aa46cd34c0d19cabe056",
            "sha512": "0725f961bc1bac47eb8dd045c2f0a0cf5475fd77089af7ddc3098e341a95d8b5624969b6fa47606a05d5a6adf9d74d0c52562ea41a376bd3d7d0aa3695ca2e22",
            "size": 2132
        }
    ],
    "file": "regression/data/Example.apk",
    "manifest": {
        "file": "AndroidManifest.xml",
        "md5": "1f97f7e7ca62f39f8f81d79b1b540c37",
        "package": "com.example.app",
        "permissions": [
            "android.permission.INTERNET",
            "android.permission.READ_EXTERNAL_STORAGE",
            "android.permission.RECEIVE_BOOT_COMPLETED",
            "android.permission.WRITE_EXTERNAL_STORAGE"
        ],
        "sdk": {
            "max": "20",
            "min": "10",
            "target": "20"
        },
        "sha1": "011316a011e5b8738c12c662cb0b0a6ffe04ca74",
        "sha256": "7c8011a46191ecb368bf2e0104049abeb98bae8a7b1fa3328ff050aed85b1347",
        "sha512": "8c7c1ede610f9c6613418b46a52a196ad6d5e8cc067c2f26b931738ad8087f998d9ea95e80ec4352c95fbdbb93a4f29c646973535068a3a3d584da95480ab45f",
        "size": 6544,
        "version": {
            "code": 1,
            "name": "1.0"
        }
    },
    "md5": "c9504f487c8b51412ba4980bfe3cc15d",
    "name": "Example",
    "other": [],
    "sha1": "482a28812495b996a92191fbb3be1376193ca59b",
    "sha256": "8773441a656b60c5e18481fd5ba9c1bf350d98789b975987cb3b2b57ee44ee51",
    "sha512": "559eab9840ff2f8507842605e60bb0730442ddf9ee7ca4ab4f386f715c1a4707766065d6f0b977816886692bf88b400643979e2fd13e6999358a21cabdfb3071",
    "size": 70058
}